// Jest Snapshot v1, https://goo.gl/fbAQLP

exports[`Plotly shape Creates a shape: plotly 1`] = `
Object {
  "assetId": "assetId",
  "childIndex": 1,
  "id": "plotly",
  "name": "Plotly",
  "parentId": "page",
  "point": Array [
    0,
    0,
  ],
  "rotation": 0,
  "size": Array [
    1,
    1,
  ],
  "style": Object {
    "color": "black",
    "dash": "draw",
    "isFilled": true,
    "scale": 1,
    "size": "small",
  },
  "type": "plotly",
}
`;
